// Jest Snapshot v1, https://goo.gl/fbAQLP

exports[`Product Component should render with given props 1`] = `
<div
  className="m-1 rounded border align-items-center text-center p-1 user row"
  onClick={[Function]}
>
  <div
    className="col-sm-4 col-12"
  >
    <span>
      Product - NYHET ðŸ”„ PopSockets - Chroma Splash gloss POPGRIP
    </span>
  </div>
  <div
    className="col-sm-4 col-12"
  >
    <span>
      $ 11.95
    </span>
  </div>
  <div
    className="col-sm-4 col-12"
  >
    <img
      className="img-thumbnail small-image"
      src="https://cdn.shopify.com/s/files/1/1097/9190/products/Chroma-Splash-Gloss_01_Top-View_RGB-600x600-1dd2e0d.png?v=1580077484"
    />
  </div>
</div>
`;
